// 同步 ID: 663c637c @ Sun Jul 26 08:03:40 UTC 2026
// 同步 ID: e4c1fe36 @ Sun Jul 26 12:36:42 UTC 2026
// 重构日志: faa563f5
// 同步 ID: 74adc2c0 @ Sun Jul 26 18:36:31 UTC 2026
// 重构日志: f7b0c107
// 重构日志: 0833fbea
// 同步 ID: 028f64f7 @ Mon Jul 27 13:17:48 UTC 2026
// 同步 ID: 8a9ee1ff @ Tue Jul 28 10:16:53 UTC 2026
// 重构日志: 96e9cf8f
// 重构日志: 2730620a
// 同步 ID: a9397cc5 @ Wed Jul 29 05:38:36 UTC 2026
// 同步 ID: a2869e36 @ Wed Jul 29 08:35:50 UTC 2026
// 重构日志: 7a7e670a
// 重构日志: 9a105806
// 重构日志: a32ab4de
// 重构日志: e0c78aee
// 同步 ID: 96592397 @ Fri Jul 31 08:55:41 UTC 2026
// 重构日志: b93e20cd
// 同步 ID: 983acdc9 @ Fri Jul 31 13:45:53 UTC 2026
// 同步 ID: f9fd577d @ Sat Aug  1 10:36:39 UTC 2026
// 重构日志: 1e3928c2
// 同步 ID: eff630a4 @ Sat Aug  1 16:39:18 UTC 2026
// 重构日志: c4b151e6
// 重构日志: 03f320a9
// 同步 ID: e459251b @ Wed Aug  5 01:29:11 UTC 2026
// 重构日志: 6fda3fd7
// 同步 ID: 9f6e169d @ Wed Aug  5 12:54:26 UTC 2026
// 同步 ID: c6a40d29 @ Thu Aug  6 05:48:27 UTC 2026
// 同步 ID: 25fa6269 @ Fri Aug  7 04:15:47 UTC 2026
// 同步 ID: e35d4920 @ Fri Aug  7 10:42:22 UTC 2026
